
R Under development (unstable) (2018-02-11 r74244) -- "Unsuffered Consequences"
Copyright (C) 2018 The R Foundation for Statistical Computing
Platform: x86_64-pc-linux-gnu (64-bit)

R is free software and comes with ABSOLUTELY NO WARRANTY.
You are welcome to redistribute it under certain conditions.
Type 'license()' or 'licence()' for distribution details.

  Natural language support but running in an English locale

R is a collaborative project with many contributors.
Type 'contributors()' for more information and
'citation()' on how to cite R or R packages in publications.

Type 'demo()' for some demos, 'help()' for on-line help, or
'help.start()' for an HTML browser interface to help.
Type 'q()' to quit R.

> pkgname <- "DDD"
> source(file.path(R.home("share"), "R", "examples-header.R"))
> options(warn = 1)
> library('DDD')
Loading required package: deSolve
Loading required package: ape
Loading required package: ade4
> 
> base::assign(".oldSearch", base::search(), pos = 'CheckExEnv')
> base::assign(".old_wd", base::getwd(), pos = 'CheckExEnv')
> cleanEx()
> nameEx("L2brts")
> ### * L2brts
> 
> flush(stderr()); flush(stdout())
> 
> ### Name: L2brts
> ### Title: Function to convert a table with speciation and extinction
> ###   events to a set of branching times
> ### Aliases: L2brts
> ### Keywords: models
> 
> ### ** Examples
> 
> sim = dd_sim(c(0.2,0.1,20),10)
> phy = L2brts(sim$L)
> plot(phy)
> 
> 
> 
> cleanEx()
> nameEx("L2phylo")
> ### * L2phylo
> 
> flush(stderr()); flush(stdout())
> 
> ### Name: L2phylo
> ### Title: Function to convert a table with speciation and extinction
> ###   events to a phylogeny
> ### Aliases: L2phylo
> ### Keywords: models
> 
> ### ** Examples
> 
> sim = dd_sim(c(0.2,0.1,20),10)
> phy = L2phylo(sim$L)
> plot(phy)
> 
> 
> 
> cleanEx()
> nameEx("bd_ML")
> ### * bd_ML
> 
> flush(stderr()); flush(stdout())
> 
> ### Name: bd_ML
> ### Title: Maximization of the loglikelihood under the
> ###   diversity-independent, possibly time-dependent diversification model
> ### Aliases: bd_ML
> ### Keywords: models
> 
> ### ** Examples
> 
> cat("Estimating parameters for a set of branching times brts with the default settings:")
Estimating parameters for a set of branching times brts with the default settings:> brts = 1:20
> bd_ML(brts = brts, cond = 1)
You are optimizing lambda0 mu0 
You are fixing lambda1 mu1 
Optimizing the likelihood - this may take a while. 
The loglikelihood for the inital parameter values is -67.89565 
ERROR: modification of compiler constant of type double, length 1
ERROR: the modified value of the constant is:
[1] -1
ERROR: the original value of the constant is:
[1] 1
ERROR: the modified constant is at index 9
ERROR: the modified constant is in this function body:
{
    con <- list(reltol = .Machine$double.eps, maxit = 10000, 
        parscale = 1)
    namc <- names(control)[names(control) %in% names(con)]
    con[namc] <- control[namc]
    fn <- match.fun(fn)
    tryCatch(.Call(call_subplex, par, fn, tol = con$reltol, maxnfe = con$maxit, 
        scale = con$parscale, hessian, environment(fn), pairlist(...)), 
        error = function(e) {
            stop("in ", sQuote("subplex"), ": ", conditionMessage(e), 
                call. = FALSE)
        })
}
Function subplex in namespace subplex has this body.
ERROR: detected compiler constant(s) modification after .Call invocation of function call_subplex from library subplex (/home/tomas/cran/rcnst/lib/subplex/libs/subplex.so).
NOTE: .Call function call_subplex modified its argument (number 5, type double, length 1)
Fatal error: compiler constants were modified (in .Call?)!

ERROR: modification of compiler constant of type double, length 1
ERROR: the modified value of the constant is:
[1] -1
ERROR: the original value of the constant is:
[1] 1
ERROR: the modified constant is at index 9
ERROR: the modified constant is in this function body:
{
    con <- list(reltol = .Machine$double.eps, maxit = 10000, 
        parscale = 1)
    namc <- names(control)[names(control) %in% names(con)]
    con[namc] <- control[namc]
    fn <- match.fun(fn)
    tryCatch(.Call(call_subplex, par, fn, tol = con$reltol, maxnfe = con$maxit, 
        scale = con$parscale, hessian, environment(fn), pairlist(...)), 
        error = function(e) {
            stop("in ", sQuote("subplex"), ": ", conditionMessage(e), 
                call. = FALSE)
        })
}
Function subplex in namespace subplex has this body.
Fatal error: compiler constants were modified!

