
> options(width = 72)

> library(geno2proteo)

> dataFolder = system.file("extdata", package = "geno2proteo")

> geneticCodeFile = file.path(dataFolder, "geneticCode_standardTable_lines.txt")

> gtfFile_chr16 = file.path(dataFolder, "Homo_sapiens.GRCh37.74_chromosome16_35Mlong.gtf.gz")

> DNAfastaFile_chr16 = file.path(dataFolder, "Homo_sapiens.GRCh37.74.dna.chromosome.16.fa_theFirst3p5M.txt.gz")

> generatingCDSaaFile(geneticCodeFile_line = geneticCodeFile, 
+     gtfFile = gtfFile_chr16, DNAfastaFile = DNAfastaFile_chr16, 
+     outputFolder = .... [TRUNCATED] 

  When sourcing ‘geno2proteoIntroduction.R’:
Error: No write permission for directory: /homero/tomas/cran/rlibro/lib/geno2proteo/extdata
Execution halted
