
R Under development (unstable) (2018-04-09 r74553) -- "Unsuffered Consequences"
Copyright (C) 2018 The R Foundation for Statistical Computing
Platform: x86_64-pc-linux-gnu (64-bit)

R is free software and comes with ABSOLUTELY NO WARRANTY.
You are welcome to redistribute it under certain conditions.
Type 'license()' or 'licence()' for distribution details.

  Natural language support but running in an English locale

R is a collaborative project with many contributors.
Type 'contributors()' for more information and
'citation()' on how to cite R or R packages in publications.

Type 'demo()' for some demos, 'help()' for on-line help, or
'help.start()' for an HTML browser interface to help.
Type 'q()' to quit R.

> pkgname <- "phyreg"
> source(file.path(R.home("share"), "R", "examples-header.R"))
> options(warn = 1)
> library('phyreg')
> 
> base::assign(".oldSearch", base::search(), pos = 'CheckExEnv')
> base::assign(".old_wd", base::getwd(), pos = 'CheckExEnv')
> cleanEx()
> nameEx("myd0")
> ### * myd0
> 
> flush(stderr()); flush(stdout())
> 
> ### Name: Example datasets
> ### Title: Example data
> ### Aliases: myd0 myd1 myd2 myd3 extax newickstr
> ### Keywords: datasets phylogenetic data
> 
> ### ** Examples
> 
> data(myd0, myd1, myd2, myd3, extax, newickstr)
> 
> 
> 
> cleanEx()
> nameEx("phyreg")
> ### * phyreg
> 
> flush(stderr()); flush(stdout())
> 
> ### Name: phyreg
> ### Title: Performs a phylogenetic regression
> ### Aliases: phyreg
> ### Keywords: linear model comparative data
> 
> ### ** Examples
> 
> ## First get some data
> data(myd0,myd1, myd2, myd3, extax)
> ## Then do our first analysis
> phyreg(y~X1,"A",myd0,taxmatrix=extax)
Warning in gzfile(file, "wb") :
  cannot open compressed file '/homero/tomas/cran/rlibro/lib/phyreg/defparms', probable reason 'Read-only file system'
Error in gzfile(file, "wb") : cannot open the connection
Calls: phyreg -> factory_default -> save_defparms -> save -> gzfile
Execution halted
