
R Under development (unstable) (2019-09-20 r77199) -- "Unsuffered Consequences"
Copyright (C) 2019 The R Foundation for Statistical Computing
Platform: x86_64-pc-linux-gnu (64-bit)

R is free software and comes with ABSOLUTELY NO WARRANTY.
You are welcome to redistribute it under certain conditions.
Type 'license()' or 'licence()' for distribution details.

R is a collaborative project with many contributors.
Type 'contributors()' for more information and
'citation()' on how to cite R or R packages in publications.

Type 'demo()' for some demos, 'help()' for on-line help, or
'help.start()' for an HTML browser interface to help.
Type 'q()' to quit R.

> library(testthat)
> 
> if (getRversion() > "3.5.3") {
+   # set old seed
+   suppressWarnings(RNGversion("3.5.0"))
+   # restore standard seed when done (so that we are back to defaults for the next tests)
+   on.exit(suppressWarnings(RNGversion("3.6.0")))
+ }
> set.seed(getOption("mlr.debug.seed"))
> 
> test_check("mlr", filter = "lint")
Loading required package: mlr
Loading required package: ParamHelpers

Attaching package: 'rex'

The following object is masked from 'package:testthat':

    matches


Attaching package: 'BBmisc'

The following object is masked from 'package:base':

    isFALSE

══ testthat results  ═══════════════════════════════════════════════════════════
[ OK: 0 | SKIPPED: 1 | WARNINGS: 0 | FAILED: 0 ]
> 
> proc.time()
   user  system elapsed 
 22.301   0.967  23.652 
